// Jest Snapshot v1, https://goo.gl/fbAQLP

exports[`Arguments renderer should render Arguments 1`] = `null`;
